#! /usr/local/bin/vvp
:ivl_version "13.0 (devel)" "(s20221226-533-g676b36e45)";
:ivl_delay_selection "TYPICAL";
:vpi_time_precision + 0;
:vpi_module "/usr/local/lib/ivl/system.vpi";
:vpi_module "/usr/local/lib/ivl/vhdl_sys.vpi";
:vpi_module "/usr/local/lib/ivl/vhdl_textio.vpi";
:vpi_module "/usr/local/lib/ivl/v2005_math.vpi";
:vpi_module "/usr/local/lib/ivl/va_math.vpi";
S_0x55ab293984e0 .scope module, "decoder_3to8_tb" "decoder_3to8_tb" 2 1;
 .timescale 0 0;
v0x55ab293edd10_0 .var "enable", 0 0;
v0x55ab293eddb0_0 .var "in", 2 0;
v0x55ab293ede80_0 .net "out", 7 0, L_0x55ab293ee550;  1 drivers
S_0x55ab29396de0 .scope module, "uut" "decoder_3to8" 2 6, 3 3 0, S_0x55ab293984e0;
 .timescale 0 0;
    .port_info 0 /INPUT 3 "in";
    .port_info 1 /INPUT 1 "enable";
    .port_info 2 /OUTPUT 8 "out";
L_0x55ab293ee140 .functor NOT 1, L_0x55ab293ee0a0, C4<0>, C4<0>, C4<0>;
L_0x55ab293ee230 .functor AND 1, L_0x55ab293ee140, v0x55ab293edd10_0, C4<1>, C4<1>;
L_0x55ab293ee4b0 .functor AND 1, L_0x55ab293ee3e0, v0x55ab293edd10_0, C4<1>, C4<1>;
v0x55ab293ed600_0 .net *"_ivl_11", 0 0, L_0x55ab293ee3e0;  1 drivers
v0x55ab293ed6e0_0 .net *"_ivl_3", 0 0, L_0x55ab293ee0a0;  1 drivers
v0x55ab293ed7c0_0 .net *"_ivl_4", 0 0, L_0x55ab293ee140;  1 drivers
v0x55ab293ed880_0 .net "enable", 0 0, v0x55ab293edd10_0;  1 drivers
v0x55ab293ed940_0 .net "in", 2 0, v0x55ab293eddb0_0;  1 drivers
v0x55ab293eda70_0 .net "out", 7 0, L_0x55ab293ee550;  alias, 1 drivers
v0x55ab293edb50_0 .net "out_high", 3 0, v0x55ab293ed4c0_0;  1 drivers
v0x55ab293edc10_0 .net "out_low", 3 0, v0x55ab293ecf30_0;  1 drivers
L_0x55ab293edf80 .part v0x55ab293eddb0_0, 0, 2;
L_0x55ab293ee0a0 .part v0x55ab293eddb0_0, 2, 1;
L_0x55ab293ee340 .part v0x55ab293eddb0_0, 0, 2;
L_0x55ab293ee3e0 .part v0x55ab293eddb0_0, 2, 1;
L_0x55ab293ee550 .concat [ 4 4 0 0], v0x55ab293ecf30_0, v0x55ab293ed4c0_0;
S_0x55ab29396fe0 .scope module, "dec1" "decoder_2to4" 3 10, 4 1 0, S_0x55ab29396de0;
 .timescale 0 0;
    .port_info 0 /INPUT 2 "in";
    .port_info 1 /INPUT 1 "enable";
    .port_info 2 /OUTPUT 4 "out";
v0x55ab293d5540_0 .net "enable", 0 0, L_0x55ab293ee230;  1 drivers
v0x55ab293ece50_0 .net "in", 1 0, L_0x55ab293edf80;  1 drivers
v0x55ab293ecf30_0 .var "out", 3 0;
E_0x55ab293d3a40 .event anyedge, v0x55ab293d5540_0, v0x55ab293ece50_0;
S_0x55ab293ed070 .scope module, "dec2" "decoder_2to4" 3 16, 4 1 0, S_0x55ab29396de0;
 .timescale 0 0;
    .port_info 0 /INPUT 2 "in";
    .port_info 1 /INPUT 1 "enable";
    .port_info 2 /OUTPUT 4 "out";
v0x55ab293ed300_0 .net "enable", 0 0, L_0x55ab293ee4b0;  1 drivers
v0x55ab293ed3e0_0 .net "in", 1 0, L_0x55ab293ee340;  1 drivers
v0x55ab293ed4c0_0 .var "out", 3 0;
E_0x55ab293d3670 .event anyedge, v0x55ab293ed300_0, v0x55ab293ed3e0_0;
    .scope S_0x55ab29396fe0;
T_0 ;
    %wait E_0x55ab293d3a40;
    %load/vec4 v0x55ab293d5540_0;
    %flag_set/vec4 8;
    %jmp/0xz  T_0.0, 8;
    %load/vec4 v0x55ab293ece50_0;
    %dup/vec4;
    %pushi/vec4 0, 0, 2;
    %cmp/u;
    %jmp/1 T_0.2, 6;
    %dup/vec4;
    %pushi/vec4 1, 0, 2;
    %cmp/u;
    %jmp/1 T_0.3, 6;
    %dup/vec4;
    %pushi/vec4 2, 0, 2;
    %cmp/u;
    %jmp/1 T_0.4, 6;
    %dup/vec4;
    %pushi/vec4 3, 0, 2;
    %cmp/u;
    %jmp/1 T_0.5, 6;
    %pushi/vec4 15, 0, 4;
    %store/vec4 v0x55ab293ecf30_0, 0, 4;
    %jmp T_0.7;
T_0.2 ;
    %pushi/vec4 14, 0, 4;
    %store/vec4 v0x55ab293ecf30_0, 0, 4;
    %jmp T_0.7;
T_0.3 ;
    %pushi/vec4 13, 0, 4;
    %store/vec4 v0x55ab293ecf30_0, 0, 4;
    %jmp T_0.7;
T_0.4 ;
    %pushi/vec4 11, 0, 4;
    %store/vec4 v0x55ab293ecf30_0, 0, 4;
    %jmp T_0.7;
T_0.5 ;
    %pushi/vec4 7, 0, 4;
    %store/vec4 v0x55ab293ecf30_0, 0, 4;
    %jmp T_0.7;
T_0.7 ;
    %pop/vec4 1;
    %jmp T_0.1;
T_0.0 ;
    %pushi/vec4 15, 0, 4;
    %store/vec4 v0x55ab293ecf30_0, 0, 4;
T_0.1 ;
    %jmp T_0;
    .thread T_0, $push;
    .scope S_0x55ab293ed070;
T_1 ;
    %wait E_0x55ab293d3670;
    %load/vec4 v0x55ab293ed300_0;
    %flag_set/vec4 8;
    %jmp/0xz  T_1.0, 8;
    %load/vec4 v0x55ab293ed3e0_0;
    %dup/vec4;
    %pushi/vec4 0, 0, 2;
    %cmp/u;
    %jmp/1 T_1.2, 6;
    %dup/vec4;
    %pushi/vec4 1, 0, 2;
    %cmp/u;
    %jmp/1 T_1.3, 6;
    %dup/vec4;
    %pushi/vec4 2, 0, 2;
    %cmp/u;
    %jmp/1 T_1.4, 6;
    %dup/vec4;
    %pushi/vec4 3, 0, 2;
    %cmp/u;
    %jmp/1 T_1.5, 6;
    %pushi/vec4 15, 0, 4;
    %store/vec4 v0x55ab293ed4c0_0, 0, 4;
    %jmp T_1.7;
T_1.2 ;
    %pushi/vec4 14, 0, 4;
    %store/vec4 v0x55ab293ed4c0_0, 0, 4;
    %jmp T_1.7;
T_1.3 ;
    %pushi/vec4 13, 0, 4;
    %store/vec4 v0x55ab293ed4c0_0, 0, 4;
    %jmp T_1.7;
T_1.4 ;
    %pushi/vec4 11, 0, 4;
    %store/vec4 v0x55ab293ed4c0_0, 0, 4;
    %jmp T_1.7;
T_1.5 ;
    %pushi/vec4 7, 0, 4;
    %store/vec4 v0x55ab293ed4c0_0, 0, 4;
    %jmp T_1.7;
T_1.7 ;
    %pop/vec4 1;
    %jmp T_1.1;
T_1.0 ;
    %pushi/vec4 15, 0, 4;
    %store/vec4 v0x55ab293ed4c0_0, 0, 4;
T_1.1 ;
    %jmp T_1;
    .thread T_1, $push;
    .scope S_0x55ab293984e0;
T_2 ;
    %vpi_call 2 13 "$dumpfile", "decoder_3to8_tb.vcd" {0 0 0};
    %vpi_call 2 14 "$dumpvars", 32'sb00000000000000000000000000000000, S_0x55ab293984e0 {0 0 0};
    %vpi_call 2 15 "$monitor", "Time=%0t | Enable=%b | in=%b | out=%b", $time, v0x55ab293edd10_0, v0x55ab293eddb0_0, v0x55ab293ede80_0 {0 0 0};
    %pushi/vec4 0, 0, 1;
    %store/vec4 v0x55ab293edd10_0, 0, 1;
    %pushi/vec4 0, 0, 3;
    %store/vec4 v0x55ab293eddb0_0, 0, 3;
    %delay 10, 0;
    %pushi/vec4 1, 0, 1;
    %store/vec4 v0x55ab293edd10_0, 0, 1;
    %pushi/vec4 0, 0, 3;
    %store/vec4 v0x55ab293eddb0_0, 0, 3;
    %delay 10, 0;
    %pushi/vec4 1, 0, 1;
    %store/vec4 v0x55ab293edd10_0, 0, 1;
    %pushi/vec4 1, 0, 3;
    %store/vec4 v0x55ab293eddb0_0, 0, 3;
    %delay 10, 0;
    %pushi/vec4 1, 0, 1;
    %store/vec4 v0x55ab293edd10_0, 0, 1;
    %pushi/vec4 2, 0, 3;
    %store/vec4 v0x55ab293eddb0_0, 0, 3;
    %delay 10, 0;
    %pushi/vec4 1, 0, 1;
    %store/vec4 v0x55ab293edd10_0, 0, 1;
    %pushi/vec4 3, 0, 3;
    %store/vec4 v0x55ab293eddb0_0, 0, 3;
    %delay 10, 0;
    %pushi/vec4 1, 0, 1;
    %store/vec4 v0x55ab293edd10_0, 0, 1;
    %pushi/vec4 4, 0, 3;
    %store/vec4 v0x55ab293eddb0_0, 0, 3;
    %delay 10, 0;
    %pushi/vec4 1, 0, 1;
    %store/vec4 v0x55ab293edd10_0, 0, 1;
    %pushi/vec4 5, 0, 3;
    %store/vec4 v0x55ab293eddb0_0, 0, 3;
    %delay 10, 0;
    %pushi/vec4 1, 0, 1;
    %store/vec4 v0x55ab293edd10_0, 0, 1;
    %pushi/vec4 6, 0, 3;
    %store/vec4 v0x55ab293eddb0_0, 0, 3;
    %delay 10, 0;
    %pushi/vec4 1, 0, 1;
    %store/vec4 v0x55ab293edd10_0, 0, 1;
    %pushi/vec4 7, 0, 3;
    %store/vec4 v0x55ab293eddb0_0, 0, 3;
    %delay 10, 0;
    %pushi/vec4 0, 0, 1;
    %store/vec4 v0x55ab293edd10_0, 0, 1;
    %pushi/vec4 5, 0, 3;
    %store/vec4 v0x55ab293eddb0_0, 0, 3;
    %delay 10, 0;
    %vpi_call 2 27 "$stop" {0 0 0};
    %end;
    .thread T_2;
# The file index is used to find the file name in the following table.
:file_names 5;
    "N/A";
    "<interactive>";
    "decoder_3to8_tb.v";
    "decoder_3to8.v";
    "/home/inish/Data/VerilogHardware/Decoder_2to4/decoder_2to4.v";
