#! /usr/local/bin/vvp
:ivl_version "13.0 (devel)" "(s20221226-533-g676b36e45)";
:ivl_delay_selection "TYPICAL";
:vpi_time_precision + 0;
:vpi_module "/usr/local/lib/ivl/system.vpi";
:vpi_module "/usr/local/lib/ivl/vhdl_sys.vpi";
:vpi_module "/usr/local/lib/ivl/vhdl_textio.vpi";
:vpi_module "/usr/local/lib/ivl/v2005_math.vpi";
:vpi_module "/usr/local/lib/ivl/va_math.vpi";
S_0x5641678f94e0 .scope module, "mux_4to1_tb" "mux_4to1_tb" 2 1;
 .timescale 0 0;
v0x564167944690_0 .var "in", 3 0;
v0x564167944780_0 .net "out", 0 0, v0x564167944490_0;  1 drivers
v0x564167944850_0 .var "sel", 1 0;
S_0x564167931380 .scope module, "uut" "mux_4to1" 2 6, 3 1 0, S_0x5641678f94e0;
 .timescale 0 0;
    .port_info 0 /INPUT 2 "sel";
    .port_info 1 /INPUT 4 "in";
    .port_info 2 /OUTPUT 1 "out";
v0x5641679315f0_0 .net "in", 3 0, v0x564167944690_0;  1 drivers
v0x564167944490_0 .var "out", 0 0;
v0x564167944550_0 .net "sel", 1 0, v0x564167944850_0;  1 drivers
E_0x5641678f8430 .event anyedge, v0x564167944550_0, v0x5641679315f0_0;
    .scope S_0x564167931380;
T_0 ;
    %wait E_0x5641678f8430;
    %load/vec4 v0x564167944550_0;
    %dup/vec4;
    %pushi/vec4 0, 0, 2;
    %cmp/u;
    %jmp/1 T_0.0, 6;
    %dup/vec4;
    %pushi/vec4 1, 0, 2;
    %cmp/u;
    %jmp/1 T_0.1, 6;
    %dup/vec4;
    %pushi/vec4 2, 0, 2;
    %cmp/u;
    %jmp/1 T_0.2, 6;
    %dup/vec4;
    %pushi/vec4 3, 0, 2;
    %cmp/u;
    %jmp/1 T_0.3, 6;
    %pushi/vec4 0, 0, 1;
    %store/vec4 v0x564167944490_0, 0, 1;
    %jmp T_0.5;
T_0.0 ;
    %load/vec4 v0x5641679315f0_0;
    %parti/s 1, 0, 2;
    %store/vec4 v0x564167944490_0, 0, 1;
    %jmp T_0.5;
T_0.1 ;
    %load/vec4 v0x5641679315f0_0;
    %parti/s 1, 1, 2;
    %store/vec4 v0x564167944490_0, 0, 1;
    %jmp T_0.5;
T_0.2 ;
    %load/vec4 v0x5641679315f0_0;
    %parti/s 1, 2, 3;
    %store/vec4 v0x564167944490_0, 0, 1;
    %jmp T_0.5;
T_0.3 ;
    %load/vec4 v0x5641679315f0_0;
    %parti/s 1, 3, 3;
    %store/vec4 v0x564167944490_0, 0, 1;
    %jmp T_0.5;
T_0.5 ;
    %pop/vec4 1;
    %jmp T_0;
    .thread T_0, $push;
    .scope S_0x5641678f94e0;
T_1 ;
    %vpi_call 2 13 "$dumpfile", "mux_4to1_tb.vcd" {0 0 0};
    %vpi_call 2 14 "$dumpvars", 32'sb00000000000000000000000000000000, S_0x5641678f94e0 {0 0 0};
    %vpi_call 2 16 "$monitor", "Time = %0t | sel = %b | in = %b | out = %b", $time, v0x564167944850_0, v0x564167944690_0, v0x564167944780_0 {0 0 0};
    %pushi/vec4 5, 0, 4;
    %store/vec4 v0x564167944690_0, 0, 4;
    %pushi/vec4 0, 0, 2;
    %store/vec4 v0x564167944850_0, 0, 2;
    %delay 10, 0;
    %pushi/vec4 1, 0, 2;
    %store/vec4 v0x564167944850_0, 0, 2;
    %delay 10, 0;
    %pushi/vec4 2, 0, 2;
    %store/vec4 v0x564167944850_0, 0, 2;
    %delay 10, 0;
    %pushi/vec4 3, 0, 2;
    %store/vec4 v0x564167944850_0, 0, 2;
    %delay 10, 0;
    %vpi_call 2 24 "$stop" {0 0 0};
    %end;
    .thread T_1;
# The file index is used to find the file name in the following table.
:file_names 4;
    "N/A";
    "<interactive>";
    "mux_4to1_tb.v";
    "mux_4to1.v";
