#! /usr/local/bin/vvp
:ivl_version "13.0 (devel)" "(s20221226-533-g676b36e45)";
:ivl_delay_selection "TYPICAL";
:vpi_time_precision + 0;
:vpi_module "/usr/local/lib/ivl/system.vpi";
:vpi_module "/usr/local/lib/ivl/vhdl_sys.vpi";
:vpi_module "/usr/local/lib/ivl/vhdl_textio.vpi";
:vpi_module "/usr/local/lib/ivl/v2005_math.vpi";
:vpi_module "/usr/local/lib/ivl/va_math.vpi";
S_0x560ee727a4e0 .scope module, "decoder_2to4_tb" "decoder_2to4_tb" 2 1;
 .timescale 0 0;
v0x560ee72c6e90_0 .var "enable", 0 0;
v0x560ee72c6f60_0 .var "in", 1 0;
v0x560ee72c7030_0 .net "out", 3 0, v0x560ee72c6d50_0;  1 drivers
S_0x560ee7278de0 .scope module, "uut" "decoder_2to4" 2 6, 3 1 0, S_0x560ee727a4e0;
 .timescale 0 0;
    .port_info 0 /INPUT 2 "in";
    .port_info 1 /INPUT 1 "enable";
    .port_info 2 /OUTPUT 4 "out";
v0x560ee7279000_0 .net "enable", 0 0, v0x560ee72c6e90_0;  1 drivers
v0x560ee72c6c70_0 .net "in", 1 0, v0x560ee72c6f60_0;  1 drivers
v0x560ee72c6d50_0 .var "out", 3 0;
E_0x560ee72b4650 .event anyedge, v0x560ee7279000_0, v0x560ee72c6c70_0;
    .scope S_0x560ee7278de0;
T_0 ;
    %wait E_0x560ee72b4650;
    %load/vec4 v0x560ee7279000_0;
    %flag_set/vec4 8;
    %jmp/0xz  T_0.0, 8;
    %load/vec4 v0x560ee72c6c70_0;
    %dup/vec4;
    %pushi/vec4 0, 0, 2;
    %cmp/u;
    %jmp/1 T_0.2, 6;
    %dup/vec4;
    %pushi/vec4 1, 0, 2;
    %cmp/u;
    %jmp/1 T_0.3, 6;
    %dup/vec4;
    %pushi/vec4 2, 0, 2;
    %cmp/u;
    %jmp/1 T_0.4, 6;
    %dup/vec4;
    %pushi/vec4 3, 0, 2;
    %cmp/u;
    %jmp/1 T_0.5, 6;
    %pushi/vec4 15, 0, 4;
    %store/vec4 v0x560ee72c6d50_0, 0, 4;
    %jmp T_0.7;
T_0.2 ;
    %pushi/vec4 14, 0, 4;
    %store/vec4 v0x560ee72c6d50_0, 0, 4;
    %jmp T_0.7;
T_0.3 ;
    %pushi/vec4 13, 0, 4;
    %store/vec4 v0x560ee72c6d50_0, 0, 4;
    %jmp T_0.7;
T_0.4 ;
    %pushi/vec4 11, 0, 4;
    %store/vec4 v0x560ee72c6d50_0, 0, 4;
    %jmp T_0.7;
T_0.5 ;
    %pushi/vec4 7, 0, 4;
    %store/vec4 v0x560ee72c6d50_0, 0, 4;
    %jmp T_0.7;
T_0.7 ;
    %pop/vec4 1;
    %jmp T_0.1;
T_0.0 ;
    %pushi/vec4 15, 0, 4;
    %store/vec4 v0x560ee72c6d50_0, 0, 4;
T_0.1 ;
    %jmp T_0;
    .thread T_0, $push;
    .scope S_0x560ee727a4e0;
T_1 ;
    %vpi_call 2 13 "$dumpfile", "decoder_2to4_tb.vcd" {0 0 0};
    %vpi_call 2 14 "$dumpvars", 32'sb00000000000000000000000000000000, S_0x560ee727a4e0 {0 0 0};
    %vpi_call 2 15 "$monitor", "Time=%0t | Enable=%b | in=%b | out=%b", $time, v0x560ee72c6e90_0, v0x560ee72c6f60_0, v0x560ee72c7030_0 {0 0 0};
    %pushi/vec4 0, 0, 1;
    %store/vec4 v0x560ee72c6e90_0, 0, 1;
    %pushi/vec4 0, 0, 2;
    %store/vec4 v0x560ee72c6f60_0, 0, 2;
    %delay 10, 0;
    %pushi/vec4 1, 0, 1;
    %store/vec4 v0x560ee72c6e90_0, 0, 1;
    %pushi/vec4 0, 0, 2;
    %store/vec4 v0x560ee72c6f60_0, 0, 2;
    %delay 10, 0;
    %pushi/vec4 1, 0, 1;
    %store/vec4 v0x560ee72c6e90_0, 0, 1;
    %pushi/vec4 1, 0, 2;
    %store/vec4 v0x560ee72c6f60_0, 0, 2;
    %delay 10, 0;
    %pushi/vec4 1, 0, 1;
    %store/vec4 v0x560ee72c6e90_0, 0, 1;
    %pushi/vec4 2, 0, 2;
    %store/vec4 v0x560ee72c6f60_0, 0, 2;
    %delay 10, 0;
    %pushi/vec4 1, 0, 1;
    %store/vec4 v0x560ee72c6e90_0, 0, 1;
    %pushi/vec4 3, 0, 2;
    %store/vec4 v0x560ee72c6f60_0, 0, 2;
    %delay 10, 0;
    %pushi/vec4 0, 0, 1;
    %store/vec4 v0x560ee72c6e90_0, 0, 1;
    %pushi/vec4 0, 0, 2;
    %store/vec4 v0x560ee72c6f60_0, 0, 2;
    %delay 10, 0;
    %vpi_call 2 23 "$stop" {0 0 0};
    %end;
    .thread T_1;
# The file index is used to find the file name in the following table.
:file_names 4;
    "N/A";
    "<interactive>";
    "decoder_2to4_tb.v";
    "decoder_2to4.v";
