#! /usr/local/bin/vvp
:ivl_version "13.0 (devel)" "(s20221226-533-g676b36e45)";
:ivl_delay_selection "TYPICAL";
:vpi_time_precision + 0;
:vpi_module "/usr/local/lib/ivl/system.vpi";
:vpi_module "/usr/local/lib/ivl/vhdl_sys.vpi";
:vpi_module "/usr/local/lib/ivl/vhdl_textio.vpi";
:vpi_module "/usr/local/lib/ivl/v2005_math.vpi";
:vpi_module "/usr/local/lib/ivl/va_math.vpi";
S_0x557d5a9d34e0 .scope module, "mux_8to1_tb" "mux_8to1_tb" 2 1;
 .timescale 0 0;
v0x557d5aa27eb0_0 .var "in", 7 0;
v0x557d5aa27f70_0 .net "out", 0 0, L_0x557d5aa28480;  1 drivers
v0x557d5aa28060_0 .var "sel", 2 0;
S_0x557d5aa0fcc0 .scope module, "uut" "mux_8to1" 2 6, 3 4 0, S_0x557d5a9d34e0;
 .timescale 0 0;
    .port_info 0 /INPUT 3 "sel";
    .port_info 1 /INPUT 8 "in";
    .port_info 2 /OUTPUT 1 "out";
v0x557d5aa27990_0 .net "in", 7 0, v0x557d5aa27eb0_0;  1 drivers
v0x557d5aa27a90_0 .net "out", 0 0, L_0x557d5aa28480;  alias, 1 drivers
v0x557d5aa27b50_0 .net "out1", 0 0, v0x557d5aa26cd0_0;  1 drivers
v0x557d5aa27c70_0 .net "out2", 0 0, v0x557d5aa27260_0;  1 drivers
v0x557d5aa27d60_0 .net "sel", 2 0, v0x557d5aa28060_0;  1 drivers
L_0x557d5aa28100 .part v0x557d5aa28060_0, 0, 2;
L_0x557d5aa281f0 .part v0x557d5aa27eb0_0, 0, 4;
L_0x557d5aa282e0 .part v0x557d5aa28060_0, 0, 2;
L_0x557d5aa28380 .part v0x557d5aa27eb0_0, 4, 4;
L_0x557d5aa28550 .part v0x557d5aa28060_0, 2, 1;
S_0x557d5aa0fec0 .scope module, "mux1" "mux_4to1" 3 11, 4 1 0, S_0x557d5aa0fcc0;
 .timescale 0 0;
    .port_info 0 /INPUT 2 "sel";
    .port_info 1 /INPUT 4 "in";
    .port_info 2 /OUTPUT 1 "out";
v0x557d5a9d1d40_0 .net "in", 3 0, L_0x557d5aa281f0;  1 drivers
v0x557d5aa26cd0_0 .var "out", 0 0;
v0x557d5aa26d90_0 .net "sel", 1 0, L_0x557d5aa28100;  1 drivers
E_0x557d5aa0f030 .event anyedge, v0x557d5aa26d90_0, v0x557d5a9d1d40_0;
S_0x557d5aa26ed0 .scope module, "mux2" "mux_4to1" 3 17, 4 1 0, S_0x557d5aa0fcc0;
 .timescale 0 0;
    .port_info 0 /INPUT 2 "sel";
    .port_info 1 /INPUT 4 "in";
    .port_info 2 /OUTPUT 1 "out";
v0x557d5aa27160_0 .net "in", 3 0, L_0x557d5aa28380;  1 drivers
v0x557d5aa27260_0 .var "out", 0 0;
v0x557d5aa27320_0 .net "sel", 1 0, L_0x557d5aa282e0;  1 drivers
E_0x557d5aa0f2c0 .event anyedge, v0x557d5aa27320_0, v0x557d5aa27160_0;
S_0x557d5aa27460 .scope module, "mux3" "mux_2to1" 3 23, 5 1 0, S_0x557d5aa0fcc0;
 .timescale 0 0;
    .port_info 0 /INPUT 1 "a";
    .port_info 1 /INPUT 1 "b";
    .port_info 2 /INPUT 1 "sel";
    .port_info 3 /OUTPUT 1 "y";
v0x557d5aa27640_0 .net "a", 0 0, v0x557d5aa26cd0_0;  alias, 1 drivers
v0x557d5aa276e0_0 .net "b", 0 0, v0x557d5aa27260_0;  alias, 1 drivers
v0x557d5aa277b0_0 .net "sel", 0 0, L_0x557d5aa28550;  1 drivers
v0x557d5aa27880_0 .net "y", 0 0, L_0x557d5aa28480;  alias, 1 drivers
L_0x557d5aa28480 .functor MUXZ 1, v0x557d5aa26cd0_0, v0x557d5aa27260_0, L_0x557d5aa28550, C4<>;
    .scope S_0x557d5aa0fec0;
T_0 ;
    %wait E_0x557d5aa0f030;
    %load/vec4 v0x557d5aa26d90_0;
    %dup/vec4;
    %pushi/vec4 0, 0, 2;
    %cmp/u;
    %jmp/1 T_0.0, 6;
    %dup/vec4;
    %pushi/vec4 1, 0, 2;
    %cmp/u;
    %jmp/1 T_0.1, 6;
    %dup/vec4;
    %pushi/vec4 2, 0, 2;
    %cmp/u;
    %jmp/1 T_0.2, 6;
    %dup/vec4;
    %pushi/vec4 3, 0, 2;
    %cmp/u;
    %jmp/1 T_0.3, 6;
    %pushi/vec4 0, 0, 1;
    %store/vec4 v0x557d5aa26cd0_0, 0, 1;
    %jmp T_0.5;
T_0.0 ;
    %load/vec4 v0x557d5a9d1d40_0;
    %parti/s 1, 0, 2;
    %store/vec4 v0x557d5aa26cd0_0, 0, 1;
    %jmp T_0.5;
T_0.1 ;
    %load/vec4 v0x557d5a9d1d40_0;
    %parti/s 1, 1, 2;
    %store/vec4 v0x557d5aa26cd0_0, 0, 1;
    %jmp T_0.5;
T_0.2 ;
    %load/vec4 v0x557d5a9d1d40_0;
    %parti/s 1, 2, 3;
    %store/vec4 v0x557d5aa26cd0_0, 0, 1;
    %jmp T_0.5;
T_0.3 ;
    %load/vec4 v0x557d5a9d1d40_0;
    %parti/s 1, 3, 3;
    %store/vec4 v0x557d5aa26cd0_0, 0, 1;
    %jmp T_0.5;
T_0.5 ;
    %pop/vec4 1;
    %jmp T_0;
    .thread T_0, $push;
    .scope S_0x557d5aa26ed0;
T_1 ;
    %wait E_0x557d5aa0f2c0;
    %load/vec4 v0x557d5aa27320_0;
    %dup/vec4;
    %pushi/vec4 0, 0, 2;
    %cmp/u;
    %jmp/1 T_1.0, 6;
    %dup/vec4;
    %pushi/vec4 1, 0, 2;
    %cmp/u;
    %jmp/1 T_1.1, 6;
    %dup/vec4;
    %pushi/vec4 2, 0, 2;
    %cmp/u;
    %jmp/1 T_1.2, 6;
    %dup/vec4;
    %pushi/vec4 3, 0, 2;
    %cmp/u;
    %jmp/1 T_1.3, 6;
    %pushi/vec4 0, 0, 1;
    %store/vec4 v0x557d5aa27260_0, 0, 1;
    %jmp T_1.5;
T_1.0 ;
    %load/vec4 v0x557d5aa27160_0;
    %parti/s 1, 0, 2;
    %store/vec4 v0x557d5aa27260_0, 0, 1;
    %jmp T_1.5;
T_1.1 ;
    %load/vec4 v0x557d5aa27160_0;
    %parti/s 1, 1, 2;
    %store/vec4 v0x557d5aa27260_0, 0, 1;
    %jmp T_1.5;
T_1.2 ;
    %load/vec4 v0x557d5aa27160_0;
    %parti/s 1, 2, 3;
    %store/vec4 v0x557d5aa27260_0, 0, 1;
    %jmp T_1.5;
T_1.3 ;
    %load/vec4 v0x557d5aa27160_0;
    %parti/s 1, 3, 3;
    %store/vec4 v0x557d5aa27260_0, 0, 1;
    %jmp T_1.5;
T_1.5 ;
    %pop/vec4 1;
    %jmp T_1;
    .thread T_1, $push;
    .scope S_0x557d5a9d34e0;
T_2 ;
    %vpi_call 2 13 "$dumpfile", "mux_8to1_tb.vcd" {0 0 0};
    %vpi_call 2 14 "$dumpvars", 32'sb00000000000000000000000000000000, S_0x557d5a9d34e0 {0 0 0};
    %vpi_call 2 15 "$monitor", "Time = %0t | sel = %b | in = %b | out = %b", $time, v0x557d5aa28060_0, v0x557d5aa27eb0_0, v0x557d5aa27f70_0 {0 0 0};
    %pushi/vec4 179, 0, 8;
    %store/vec4 v0x557d5aa27eb0_0, 0, 8;
    %pushi/vec4 0, 0, 3;
    %store/vec4 v0x557d5aa28060_0, 0, 3;
    %delay 10, 0;
    %pushi/vec4 1, 0, 3;
    %store/vec4 v0x557d5aa28060_0, 0, 3;
    %delay 10, 0;
    %pushi/vec4 2, 0, 3;
    %store/vec4 v0x557d5aa28060_0, 0, 3;
    %delay 10, 0;
    %pushi/vec4 3, 0, 3;
    %store/vec4 v0x557d5aa28060_0, 0, 3;
    %delay 10, 0;
    %pushi/vec4 4, 0, 3;
    %store/vec4 v0x557d5aa28060_0, 0, 3;
    %delay 10, 0;
    %pushi/vec4 5, 0, 3;
    %store/vec4 v0x557d5aa28060_0, 0, 3;
    %delay 10, 0;
    %pushi/vec4 6, 0, 3;
    %store/vec4 v0x557d5aa28060_0, 0, 3;
    %delay 10, 0;
    %pushi/vec4 7, 0, 3;
    %store/vec4 v0x557d5aa28060_0, 0, 3;
    %delay 10, 0;
    %vpi_call 2 27 "$stop" {0 0 0};
    %end;
    .thread T_2;
# The file index is used to find the file name in the following table.
:file_names 6;
    "N/A";
    "<interactive>";
    "mux_8to1_tb.v";
    "mux_8to1.v";
    "/home/inish/Data/VerilogHardware/Mux_4to1/mux_4to1.v";
    "/home/inish/Data/VerilogHardware/Mux_2to1/Mux_2to1.v";
